muxpart__314: RAM_B, 
muxpart__104: RAM_B, 
case__177: RAM_B, 
reg__143: RAM_B, 
muxpart__59: RAM_B, 
case__225: RAM_B, 
reg__39: RV32core__GB1, 
logic__156: RV32core__GB1, 
logic__501: RAM_B, 
muxpart__149: RAM_B, 
reg__204: RAM_B, 
logic__251: RV32core__GB1, 
case__142: RAM_B, 
logic__1402: RAM_B, 
reg__120: RAM_B, 
reg__224: top__GC0, 
logic__694: RAM_B, 
reg__218: top__GC0, 
case__312: top__GC0, 
muxpart__284: RAM_B, 
reg__137: RAM_B, 
logic__745: RAM_B, 
logic__1342: RAM_B, 
logic__1544: RV32core__GB1, 
logic__1199: RAM_B, 
reg__50: RV32core__GB1, 
case__81: RV32core__GB1, 
reg__198: RAM_B, 
case__247: RAM_B, 
logic__1139: RAM_B, 
reg__210: RV32core__GB1, 
case__179: RAM_B, 
case__28: top__GC0, 
logic__177: RV32core__GB1, 
logic__773: RAM_B, 
reg__107: RAM_B, 
logic__228: RV32core__GB1, 
case__289: RAM_B, 
logic__332: RV32core__GB1, 
case__62: RV32core__GB1, 
case__54: top__GC0, 
logic__206: RV32core__GB1, 
case__202: RAM_B, 
reg__168: RAM_B, 
case__148: RAM_B, 
muxpart__79: RAM_B, 
muxpart__187: RAM_B, 
logic__1366: RAM_B, 
reg__19: RV32core__GB1, 
reg__86: RAM_B, 
reg__192: RAM_B, 
logic__234: RV32core__GB1, 
logic__7: top__GC0, 
logic__249: RV32core__GB1, 
logic__794: RAM_B, 
muxpart__62: RAM_B, 
reg__84: RAM_B, 
case__98: RV32core__GB1, 
muxpart__73: RAM_B, 
reg__61: RV32core__GB1, 
muxpart__211: RAM_B, 
logic__1146: RAM_B, 
logic__954: RAM_B, 
case__104: RV32core__GB1, 
muxpart__124: RAM_B, 
logic__779: RAM_B, 
reg__109: RAM_B, 
case__255: RAM_B, 
muxpart__208: RAM_B, 
logic__254: RV32core__GB1, 
logic__42: top__GC0, 
reg__142: RAM_B, 
case__196: RAM_B, 
logic__1443: RAM_B, 
reg__9: top__GC0, 
muxpart__283: RAM_B, 
muxpart__16: top__GC0, 
muxpart__160: RAM_B, 
logic__187: RV32core__GB1, 
logic__1452: RAM_B, 
muxpart__46: RAM_B, 
logic__321: RV32core__GB1, 
muxpart__96: RAM_B, 
muxpart__60: RAM_B, 
muxpart__287: RAM_B, 
reg__181: RAM_B, 
muxpart__235: RAM_B, 
reg__130: RAM_B, 
logic__1473: RAM_B, 
logic__1697: top__GC0, 
case__272: RAM_B, 
muxpart__80: RAM_B, 
reg__127: RAM_B, 
datapath__20: top__GC0, 
logic__76: top__GC0, 
muxpart__138: RAM_B, 
case__232: RAM_B, 
case__68: RV32core__GB1, 
reg__189: RAM_B, 
logic__1248: RAM_B, 
case__65: RV32core__GB1, 
logic__1301: RAM_B, 
reg__18: top__GC0, 
muxpart__207: RAM_B, 
datapath__17: RV32core__GB1, 
reg__54: RV32core__GB1, 
logic__827: RAM_B, 
case__281: RAM_B, 
muxpart__100: RAM_B, 
muxpart__131: RAM_B, 
reg__180: RAM_B, 
case__235: RAM_B, 
case__218: RAM_B, 
muxpart__129: RAM_B, 
logic__9: top__GC0, 
muxpart__75: RAM_B, 
logic__1255: RAM_B, 
logic__640: RAM_B, 
case__101: RV32core__GB1, 
logic__850: RAM_B, 
muxpart__91: RAM_B, 
case__71: RV32core__GB1, 
reg__27: RV32core__GB1, 
logic__179: RV32core__GB1, 
muxpart__154: RAM_B, 
case__181: RAM_B, 
muxpart__218: RAM_B, 
logic__646: RAM_B, 
reg__96: RAM_B, 
logic__1524: RAM_B, 
case__309: top__GC0, 
case__7: top__GC0, 
logic__1195: RAM_B, 
case__209: RAM_B, 
reg__231: top__GC0, 
logic__963: RAM_B, 
logic__763: RAM_B, 
logic__1220: RAM_B, 
muxpart__158: RAM_B, 
case__56: top__GC0, 
counter__1: top__GC0, 
reg__169: RAM_B, 
reg__191: RAM_B, 
muxpart__239: RAM_B, 
logic__174: RV32core__GB1, 
logic__1212: RAM_B, 
muxpart__119: RAM_B, 
case__207: RAM_B, 
RV32core__GB1: RV32core__GB1, 
logic__1440: RAM_B, 
logic__139: RV32core__GB1, 
case__30: top__GC0, 
case__110: RV32core__GB1, 
logic__1673: top__GC0, 
logic__1256: RAM_B, 
reg__111: RAM_B, 
muxpart__98: RAM_B, 
reg__38: RV32core__GB1, 
logic__235: RV32core__GB1, 
case__307: top__GC0, 
logic__1217: RAM_B, 
case__87: RV32core__GB1, 
logic__962: RAM_B, 
reg__200: RAM_B, 
vga: top__GC0, 
logic__1024: RAM_B, 
muxpart__274: RAM_B, 
case__311: top__GC0, 
muxpart__279: RAM_B, 
reg__150: RAM_B, 
muxpart__142: RAM_B, 
logic__1348: RAM_B, 
muxpart__57: RAM_B, 
case__305: top__GC0, 
reg__227: top__GC0, 
datapath__40: top__GC0, 
reg__132: RAM_B, 
case__223: RAM_B, 
case__261: RAM_B, 
reg__202: RAM_B, 
reg__159: RAM_B, 
muxpart__101: RAM_B, 
muxpart__151: RAM_B, 
CPUTEST: RV32core__GB1, 
logic__1459: RAM_B, 
muxpart__258: RAM_B, 
reg__30: RV32core__GB1, 
reg__225: top__GC0, 
logic__1701: top__GC0, 
logic__1155: RAM_B, 
muxpart__52: RAM_B, 
logic__939: RAM_B, 
logic__1561: top__GC0, 
muxpart__87: RAM_B, 
reg__102: RAM_B, 
datapath__25: top__GC0, 
case__317: top__GC0, 
logic__1598: top__GC0, 
muxpart__307: RAM_B, 
muxpart__65: RAM_B, 
logic__730: RAM_B, 
case__190: RAM_B, 
muxpart__165: RAM_B, 
case__267: RAM_B, 
case__185: RAM_B, 
muxpart__315: RAM_B, 
muxpart__285: RAM_B, 
muxpart__320: top__GC0, 
logic__1055: RAM_B, 
logic__804: RAM_B, 
case__318: top__GC0, 
case__35: top__GC0, 
muxpart__212: RAM_B, 
logic__1213: RAM_B, 
logic__1360: RAM_B, 
case__182: RAM_B, 
case__82: RV32core__GB1, 
muxpart__45: RAM_B, 
muxpart__48: RAM_B, 
reg__114: RAM_B, 
datapath__33: top__GC0, 
logic__189: RV32core__GB1, 
case__72: RV32core__GB1, 
reg__221: top__GC0, 
reg__140: RAM_B, 
reg__215: top__GC0, 
muxpart__182: RAM_B, 
muxpart__103: RAM_B, 
muxpart__267: RAM_B, 
muxpart__77: RAM_B, 
muxpart__173: RAM_B, 
ImmGen: RV32core__GB1, 
logic__910: RAM_B, 
muxpart__205: RAM_B, 
muxpart__209: RAM_B, 
muxpart__74: RAM_B, 
logic__1032: RAM_B, 
muxpart__254: RAM_B, 
logic__182: RV32core__GB1, 
reg__185: RAM_B, 
muxpart__159: RAM_B, 
muxpart__121: RAM_B, 
muxpart__115: RAM_B, 
case__224: RAM_B, 
logic__999: RAM_B, 
case__112: RV32core__GB1, 
logic__256: RV32core__GB1, 
case__84: RV32core__GB1, 
case__252: RAM_B, 
case__184: RAM_B, 
logic__272: RV32core__GB1, 
muxpart__291: RAM_B, 
reg__8: top__GC0, 
logic__1655: top__GC0, 
logic__680: RAM_B, 
logic__925: RAM_B, 
logic__244: RV32core__GB1, 
logic__1091: RAM_B, 
logic__341: RV32core__GB1, 
reg__60: RV32core__GB1, 
logic__1308: RAM_B, 
logic__1292: RAM_B, 
logic__195: RV32core__GB1, 
reg__131: RAM_B, 
case__49: top__GC0, 
logic__795: RAM_B, 
muxpart__58: RAM_B, 
reg__24: RV32core__GB1, 
reg__226: top__GC0, 
logic__872: RAM_B, 
muxpart__195: RAM_B, 
logic__1378: RAM_B, 
case__246: RAM_B, 
logic__1646: top__GC0, 
muxpart__188: RAM_B, 
case__280: RAM_B, 
datapath__39: top__GC0, 
case__251: RAM_B, 
case__149: RAM_B, 
case__161: RAM_B, 
muxpart__76: RAM_B, 
case__198: RAM_B, 
muxpart__130: RAM_B, 
logic__1577: top__GC0, 
logic__636: RAM_B, 
muxpart__143: RAM_B, 
logic__1160: RAM_B, 
muxpart__308: RAM_B, 
logic__1580: top__GC0, 
logic__907: RAM_B, 
logic__126: RV32core__GB1, 
logic__255: RV32core__GB1, 
logic__1167: RAM_B, 
logic__347: RV32core__GB1, 
case__78: RV32core__GB1, 
reg__199: RAM_B, 
logic__957: RAM_B, 
case__10: top__GC0, 
muxpart__248: RAM_B, 
muxpart__233: RAM_B, 
reg__187: RAM_B, 
case__263: RAM_B, 
logic__1550: top__GC0, 
reg__170: RAM_B, 
muxpart__66: RAM_B, 
logic__343: RV32core__GB1, 
case__234: RAM_B, 
reg__184: RAM_B, 
case__296: top__GC0, 
case__120: RAM_B, 
logic__770: RAM_B, 
case__321: top__GC0, 
logic__1163: RAM_B, 
muxpart__216: RAM_B, 
logic__1312: RAM_B, 
cmp_32: RV32core__GB1, 
muxpart__251: RAM_B, 
logic__1641: top__GC0, 
logic__1095: RAM_B, 
MUX4T1_32: RV32core__GB1, 
case__204: RAM_B, 
logic__931: RAM_B, 
muxpart__217: RAM_B, 
muxpart__193: RAM_B, 
logic__1413: RAM_B, 
case__73: RV32core__GB1, 
case__193: RAM_B, 
case__105: RV32core__GB1, 
reg__211: RV32core__GB1, 
reg__76: RV32core__GB1, 
logic__155: RV32core__GB1, 
case__77: RV32core__GB1, 
logic__1040: RAM_B, 
reg__190: RAM_B, 
muxpart__206: RAM_B, 
logic__81: top__GC0, 
logic__157: RV32core__GB1, 
my_clk_gen: top__GC0, 
RAM_B: RAM_B, 
muxpart__312: RAM_B, 
logic__1409: RAM_B, 
logic__1647: top__GC0, 
logic__1545: RV32core__GB1, 
case__162: RAM_B, 
REG_ID_EX: RV32core__GB1, 
muxpart__54: RAM_B, 
case__208: RAM_B, 
muxpart__177: RAM_B, 
case__262: RAM_B, 
muxpart__281: RAM_B, 
case__121: RAM_B, 
logic__165: RV32core__GB1, 
logic__202: RV32core__GB1, 
case__254: RAM_B, 
reg__46: RV32core__GB1, 
logic__1318: RAM_B, 
reg__90: RAM_B, 
logic__86: top__GC0, 
muxpart__94: RAM_B, 
logic__90: top__GC0, 
reg__139: RAM_B, 
logic__159: RV32core__GB1, 
logic__304: RV32core__GB1, 
logic__901: RAM_B, 
case__291: RAM_B, 
muxpart__116: RAM_B, 
reg__105: RAM_B, 
case__158: RAM_B, 
reg__56: RV32core__GB1, 
logic__884: RAM_B, 
logic__746: RAM_B, 
case__108: RV32core__GB1, 
logic__96: top__GC0, 
case__314: top__GC0, 
reg__148: RAM_B, 
case__320: top__GC0, 
muxpart__39: RV32core__GB1, 
muxpart__118: RAM_B, 
datapath__34: top__GC0, 
reg__101: RAM_B, 
reg__10: top__GC0, 
case__186: RAM_B, 
case__230: RAM_B, 
case__116: RV32core__GB1, 
logic__1108: RAM_B, 
logic__36: top__GC0, 
case__260: RAM_B, 
muxpart__318: top__GC0, 
logic__900: RAM_B, 
logic__1134: RAM_B, 
case__22: top__GC0, 
datapath__13: RV32core__GB1, 
case__129: RAM_B, 
logic__158: RV32core__GB1, 
datapath__8: RV32core__GB1, 
case__302: top__GC0, 
logic__1455: RAM_B, 
reg__117: RAM_B, 
logic__241: RV32core__GB1, 
muxpart__252: RAM_B, 
logic__1435: RAM_B, 
logic__8: top__GC0, 
case__132: RAM_B, 
muxpart__310: RAM_B, 
muxpart__170: RAM_B, 
logic__1607: top__GC0, 
logic__150: RV32core__GB1, 
reg__214: top__GC0, 
reg__108: RAM_B, 
reg__213: RV32core__GB1, 
muxpart__63: RAM_B, 
reg__53: RV32core__GB1, 
muxpart__71: RAM_B, 
case__106: RV32core__GB1, 
muxpart__280: RAM_B, 
case__9: top__GC0, 
add_32: RV32core__GB1, 
logic__628: RAM_B, 
logic__1546: top__GC0, 
logic__46: top__GC0, 
reg__68: RV32core__GB1, 
reg__3: top__GC0, 
reg__23: RV32core__GB1, 
case__64: RV32core__GB1, 
logic__509: RAM_B, 
logic__246: RV32core__GB1, 
logic__1289: RAM_B, 
reg__112: RAM_B, 
case__220: RAM_B, 
case__180: RAM_B, 
logic__580: RAM_B, 
case__74: RV32core__GB1, 
logic__345: RV32core__GB1, 
muxpart__89: RAM_B, 
muxpart__145: RAM_B, 
case__157: RAM_B, 
logic__389: RAM_B, 
logic__1068: RAM_B, 
muxpart__249: RAM_B, 
muxpart__240: RAM_B, 
logic__971: RAM_B, 
logic__679: RAM_B, 
logic__356: RV32core__GB1, 
muxpart__221: RAM_B, 
case__244: RAM_B, 
case__133: RAM_B, 
muxpart__238: RAM_B, 
case__69: RV32core__GB1, 
muxpart__17: top__GC0, 
muxpart__196: RAM_B, 
case__257: RAM_B, 
datapath__41: top__GC0, 
case__79: RV32core__GB1, 
logic__731: RAM_B, 
logic__164: RV32core__GB1, 
logic__171: RV32core__GB1, 
case__137: RAM_B, 
logic__1223: RAM_B, 
logic__1080: RAM_B, 
logic__176: RV32core__GB1, 
case__173: RAM_B, 
muxpart__84: RAM_B, 
logic__1010: RAM_B, 
muxpart__61: RAM_B, 
case__29: top__GC0, 
case__213: RAM_B, 
logic__1670: top__GC0, 
case__174: RAM_B, 
muxpart__189: RAM_B, 
reg__87: RAM_B, 
case__256: RAM_B, 
logic__207: RV32core__GB1, 
case__114: RV32core__GB1, 
muxpart__246: RAM_B, 
muxpart__243: RAM_B, 
muxpart__306: RAM_B, 
logic__322: RV32core__GB1, 
case__58: RV32core__GB1, 
muxpart__161: RAM_B, 
muxpart__278: RAM_B, 
case__268: RAM_B, 
logic__1140: RAM_B, 
logic__1624: top__GC0, 
logic__291: RV32core__GB1, 
muxpart__297: RAM_B, 
reg__206: RAM_B, 
logic__1105: RAM_B, 
case__89: RV32core__GB1, 
logic__230: RV32core__GB1, 
reg__151: RAM_B, 
case__60: RV32core__GB1, 
logic__1018: RAM_B, 
logic__245: RV32core__GB1, 
logic__936: RAM_B, 
logic__238: RV32core__GB1, 
logic__1633: top__GC0, 
case__164: RAM_B, 
datapath__36: top__GC0, 
reg__67: RV32core__GB1, 
reg__88: RAM_B, 
muxpart__197: RAM_B, 
case__188: RAM_B, 
muxpart__141: RAM_B, 
logic__948: RAM_B, 
logic__815: RAM_B, 
muxpart__215: RAM_B, 
case__275: RAM_B, 
logic__1276: RAM_B, 
reg__129: RAM_B, 
logic__1542: RV32core__GB1, 
ALU: RV32core__GB1, 
case__253: RAM_B, 
logic__1228: RAM_B, 
muxpart__156: RAM_B, 
muxpart__293: RAM_B, 
case__242: RAM_B, 
case__319: top__GC0, 
case__298: top__GC0, 
logic__915: RAM_B, 
logic__754: RAM_B, 
case__303: top__GC0, 
logic__1181: RAM_B, 
counter: top__GC0, 
logic__247: RV32core__GB1, 
logic__1505: RAM_B, 
case__122: RAM_B, 
muxpart__136: RAM_B, 
logic__786: RAM_B, 
reg__28: RV32core__GB1, 
logic__515: RAM_B, 
reg__59: RV32core__GB1, 
reg__125: RAM_B, 
reg__26: RV32core__GB1, 
muxpart__110: RAM_B, 
reg__44: RV32core__GB1, 
muxpart__113: RAM_B, 
reg__205: RAM_B, 
muxpart__134: RAM_B, 
case__51: top__GC0, 
logic__854: RAM_B, 
logic__673: RAM_B, 
reg__74: RV32core__GB1, 
case__227: RAM_B, 
muxpart__34: top__GC0, 
muxpart__19: top__GC0, 
logic__339: RV32core__GB1, 
case__96: RV32core__GB1, 
muxpart__117: RAM_B, 
muxpart__122: RAM_B, 
muxpart__153: RAM_B, 
muxpart__35: top__GC0, 
muxpart__224: RAM_B, 
muxpart__259: RAM_B, 
logic__881: RAM_B, 
case__124: RAM_B, 
muxpart__181: RAM_B, 
muxpart__232: RAM_B, 
logic__1637: top__GC0, 
case__109: RV32core__GB1, 
logic__1330: RAM_B, 
case__249: RAM_B, 
muxpart__120: RAM_B, 
Code2Inst: top__GC0, 
muxpart__296: RAM_B, 
logic__242: RV32core__GB1, 
reg__166: RAM_B, 
case__168: RAM_B, 
case__61: RV32core__GB1, 
muxpart__319: top__GC0, 
datapath__26: top__GC0, 
logic__1576: top__GC0, 
logic__266: RV32core__GB1, 
datapath__38: top__GC0, 
reg__179: RAM_B, 
logic__188: RV32core__GB1, 
reg__164: RAM_B, 
reg__196: RAM_B, 
reg__34: RV32core__GB1, 
muxpart__226: RAM_B, 
muxpart__167: RAM_B, 
logic__1679: top__GC0, 
case__63: RV32core__GB1, 
logic__1499: RAM_B, 
datapath__11: RV32core__GB1, 
muxpart__295: RAM_B, 
case__313: top__GC0, 
case__273: RAM_B, 
logic__1406: RAM_B, 
muxpart__276: RAM_B, 
reg__145: RAM_B, 
muxpart__90: RAM_B, 
logic__1125: RAM_B, 
reg__136: RAM_B, 
logic__386: RV32core__GB1, 
reg__207: RV32core__GB1, 
case__211: RAM_B, 
logic__1077: RAM_B, 
logic__1044: RAM_B, 
datapath__10: RV32core__GB1, 
reg__122: RAM_B, 
reg__71: RV32core__GB1, 
reg__62: RV32core__GB1, 
reg__79: RAM_B, 
reg__123: RAM_B, 
logic__178: RV32core__GB1, 
logic__387: RAM_B, 
reg__230: top__GC0, 
reg__141: RAM_B, 
muxpart__95: RAM_B, 
reg__25: RV32core__GB1, 
datapath__28: top__GC0, 
muxpart__257: RAM_B, 
datapath__7: RV32core__GB1, 
case__201: RAM_B, 
logic__780: RAM_B, 
logic__1534: RAM_B, 
reg__173: RAM_B, 
muxpart__275: RAM_B, 
logic__1651: top__GC0, 
muxpart__169: RAM_B, 
reg__160: RAM_B, 
case__150: RAM_B, 
reg__110: RAM_B, 
logic__485: RAM_B, 
logic__143: RV32core__GB1, 
case__308: top__GC0, 
case__123: RAM_B, 
case__47: top__GC0, 
muxpart__67: RAM_B, 
logic__1412: RAM_B, 
muxpart__114: RAM_B, 
logic__1013: RAM_B, 
reg__36: RV32core__GB1, 
reg__208: RV32core__GB1, 
muxpart__70: RAM_B, 
muxpart__303: RAM_B, 
logic__100: top__GC0, 
logic__204: RV32core__GB1, 
reg__11: top__GC0, 
logic__1269: RAM_B, 
logic__1648: top__GC0, 
reg__220: top__GC0, 
muxpart__213: RAM_B, 
muxpart__321: top__GC0, 
case__258: RAM_B, 
muxpart__112: RAM_B, 
logic__1688: top__GC0, 
logic__279: RV32core__GB1, 
muxpart__256: RAM_B, 
case__203: RAM_B, 
logic__1458: RAM_B, 
case__212: RAM_B, 
case__229: RAM_B, 
logic__1373: RAM_B, 
datapath__15: RV32core__GB1, 
logic__166: RV32core__GB1, 
muxpart__107: RAM_B, 
logic__210: RV32core__GB1, 
case__205: RAM_B, 
datapath__31: top__GC0, 
case__115: RV32core__GB1, 
logic__1251: RAM_B, 
muxpart__152: RAM_B, 
logic__1186: RAM_B, 
muxpart__266: RAM_B, 
logic__715: RAM_B, 
muxpart__191: RAM_B, 
logic__1562: top__GC0, 
reg__156: RAM_B, 
logic__348: RV32core__GB1, 
logic__725: RAM_B, 
muxpart__163: RAM_B, 
logic__193: RV32core__GB1, 
muxpart__286: RAM_B, 
case__76: RV32core__GB1, 
reg__51: RV32core__GB1, 
logic__737: RAM_B, 
muxpart__37: top__GC0, 
case__233: RAM_B, 
FONT8_16: top__GC0, 
logic__1264: RAM_B, 
logic__39: top__GC0, 
logic__1552: top__GC0, 
reg__161: RAM_B, 
logic__868: RAM_B, 
reg__35: RV32core__GB1, 
btn_scan: top__GC0, 
reg__41: RV32core__GB1, 
logic__716: RAM_B, 
reg__197: RAM_B, 
logic__1502: RAM_B, 
reg__158: RAM_B, 
logic__257: RV32core__GB1, 
logic__1261: RAM_B, 
muxpart__128: RAM_B, 
logic__975: RAM_B, 
case__299: top__GC0, 
logic__250: RV32core__GB1, 
REG_EX_MEM: RV32core__GB1, 
case__32: top__GC0, 
case__269: RAM_B, 
logic__101: top__GC0, 
muxpart__200: RAM_B, 
case__274: RAM_B, 
reg__124: RAM_B, 
reg__95: RAM_B, 
muxpart__105: RAM_B, 
logic__810: RAM_B, 
logic__1627: top__GC0, 
logic__237: RV32core__GB1, 
logic__303: RV32core__GB1, 
logic__1660: top__GC0, 
case__27: top__GC0, 
logic__686: RAM_B, 
logic__1279: RAM_B, 
logic__1470: RAM_B, 
logic__1049: RAM_B, 
muxpart__204: RAM_B, 
case__166: RAM_B, 
case__241: RAM_B, 
logic__1628: top__GC0, 
logic__75: top__GC0, 
logic__388: RAM_B, 
muxpart__272: RAM_B, 
case__102: RV32core__GB1, 
logic__1353: RAM_B, 
case__127: RAM_B, 
logic__127: RV32core__GB1, 
case__34: top__GC0, 
muxpart__311: RAM_B, 
case__237: RAM_B, 
muxpart__164: RAM_B, 
case__31: top__GC0, 
case__6: top__GC0, 
reg__116: RAM_B, 
muxpart__28: top__GC0, 
muxpart__150: RAM_B, 
muxpart__83: RAM_B, 
case__197: RAM_B, 
logic__656: RAM_B, 
muxpart__294: RAM_B, 
logic__662: RAM_B, 
logic__1384: RAM_B, 
reg__174: RAM_B, 
case__55: top__GC0, 
case__175: RAM_B, 
case__59: RV32core__GB1, 
case__67: RV32core__GB1, 
case__176: RAM_B, 
reg__155: RAM_B, 
muxpart__292: RAM_B, 
reg__21: RV32core__GB1, 
case__228: RAM_B, 
reg__177: RAM_B, 
logic__1535: RAM_B, 
logic__818: RAM_B, 
muxpart__270: RAM_B, 
muxpart__192: RAM_B, 
logic__1052: RAM_B, 
reg__83: RAM_B, 
reg__70: RV32core__GB1, 
case__259: RAM_B, 
muxpart__40: RV32core__GB1, 
datapath__21: top__GC0, 
reg__178: RAM_B, 
muxpart__22: top__GC0, 
muxpart__99: RAM_B, 
muxpart__56: RAM_B, 
reg__153: RAM_B, 
logic__976: RAM_B, 
case__113: RV32core__GB1, 
top__GC0: top__GC0, 
logic__1691: top__GC0, 
case: top__GC0, 
logic__833: RAM_B, 
logic__1284: RAM_B, 
reg__80: RAM_B, 
muxpart__123: RAM_B, 
logic__342: RV32core__GB1, 
reg__144: RAM_B, 
logic__1268: RAM_B, 
reg__229: top__GC0, 
reg__82: RAM_B, 
datapath__27: top__GC0, 
logic__1611: top__GC0, 
logic__239: RV32core__GB1, 
muxpart: top__GC0, 
muxpart__261: RAM_B, 
muxpart__203: RAM_B, 
datapath__23: top__GC0, 
logic__346: RV32core__GB1, 
logic__988: RAM_B, 
case__286: RAM_B, 
case__222: RAM_B, 
logic__110: top__GC0, 
logic__1420: RAM_B, 
logic__1304: RAM_B, 
muxpart__175: RAM_B, 
muxpart__262: RAM_B, 
muxpart__301: RAM_B, 
logic__1027: RAM_B, 
reg__75: RV32core__GB1, 
muxpart__25: top__GC0, 
MUX2T1_32: RV32core__GB1, 
muxpart__190: RAM_B, 
reg__228: top__GC0, 
reg__63: RV32core__GB1, 
case__278: RAM_B, 
case__292: RAM_B, 
datapath__14: RV32core__GB1, 
reg__66: RV32core__GB1, 
reg__16: top__GC0, 
case__245: RAM_B, 
logic__653: RAM_B, 
case__159: RAM_B, 
case__243: RAM_B, 
logic__167: RV32core__GB1, 
muxpart__247: RAM_B, 
reg__219: top__GC0, 
datapath__19: top__GC0, 
display: top__GC0, 
muxpart__230: RAM_B, 
logic__1381: RAM_B, 
logic__1631: top__GC0, 
logic__922: RAM_B, 
logic__1361: RAM_B, 
datapath__3: top__GC0, 
reg__176: RAM_B, 
parallel2serial: top__GC0, 
logic__1448: RAM_B, 
muxpart__225: RAM_B, 
reg__6: top__GC0, 
logic__1060: RAM_B, 
logic__1369: RAM_B, 
muxpart__229: RAM_B, 
muxpart__231: RAM_B, 
muxpart__162: RAM_B, 
ram__1: top__GC0, 
case__310: top__GC0, 
logic__968: RAM_B, 
logic__1481: RAM_B, 
muxpart__269: RAM_B, 
reg__209: RV32core__GB1, 
logic__1553: top__GC0, 
logic__1315: RAM_B, 
case__75: RV32core__GB1, 
case__279: RAM_B, 
logic__385: RV32core__GB1, 
logic__240: RV32core__GB1, 
logic__1570: top__GC0, 
logic__40: top__GC0, 
logic__233: RV32core__GB1, 
muxpart__300: RAM_B, 
logic__80: top__GC0, 
logic__1297: RAM_B, 
reg__146: RAM_B, 
logic__1084: RAM_B, 
case__130: RAM_B, 
datapath__4: RV32core__GB1, 
muxpart__313: RAM_B, 
logic__789: RAM_B, 
reg__128: RAM_B, 
reg__165: RAM_B, 
logic__516: RAM_B, 
muxpart__273: RAM_B, 
case__103: RV32core__GB1, 
case__285: RAM_B, 
logic__1516: RAM_B, 
logic__996: RAM_B, 
case__194: RAM_B, 
datapath__12: RV32core__GB1, 
case__250: RAM_B, 
logic__373: RV32core__GB1, 
muxpart__166: RAM_B, 
muxpart__180: RAM_B, 
muxpart__263: RAM_B, 
case__316: top__GC0, 
reg__138: RAM_B, 
muxpart__179: RAM_B, 
logic__1575: top__GC0, 
muxpart__126: RAM_B, 
logic__208: RV32core__GB1, 
case__264: RAM_B, 
case__189: RAM_B, 
logic__1694: top__GC0, 
logic__643: RAM_B, 
logic__248: RV32core__GB1, 
reg__115: RAM_B, 
muxpart__111: RAM_B, 
logic__699: RAM_B, 
reg__2: top__GC0, 
CtrlUnit: RV32core__GB1, 
case__50: top__GC0, 
reg__89: RAM_B, 
case__143: RAM_B, 
reg__223: top__GC0, 
datapath: top__GC0, 
logic__1700: top__GC0, 
case__163: RAM_B, 
muxpart__108: RAM_B, 
reg__194: RAM_B, 
logic__185: RV32core__GB1, 
reg__162: RAM_B, 
logic__1401: RAM_B, 
case__165: RAM_B, 
logic__1560: top__GC0, 
reg__40: RV32core__GB1, 
logic__259: RV32core__GB1, 
muxpart__102: RAM_B, 
logic: top__GC0, 
logic__161: RV32core__GB1, 
logic__74: top__GC0, 
reg__193: RAM_B, 
case__206: RAM_B, 
logic__115: top__GC0, 
case__216: RAM_B, 
logic__1527: RAM_B, 
logic__1498: RAM_B, 
reg__182: RAM_B, 
muxpart__178: RAM_B, 
reg__121: RAM_B, 
case__125: RAM_B, 
logic__822: RAM_B, 
logic__1649: top__GC0, 
logic__1632: top__GC0, 
logic__1356: RAM_B, 
case__95: RV32core__GB1, 
logic__1374: RAM_B, 
logic__1667: top__GC0, 
logic__1659: top__GC0, 
muxpart__31: top__GC0, 
logic__41: top__GC0, 
logic__1072: RAM_B, 
REG_MEM_WB: RV32core__GB1, 
muxpart__148: RAM_B, 
logic__1447: RAM_B, 
muxpart__32: top__GC0, 
reg__186: RAM_B, 
case__160: RAM_B, 
logic__1389: RAM_B, 
case__287: RAM_B, 
muxpart__176: RAM_B, 
muxpart__227: RAM_B, 
logic__374: RV32core__GB1, 
reg__1: top__GC0, 
case__119: RAM_B, 
case__88: RV32core__GB1, 
logic__1469: RAM_B, 
ram: top__GC0, 
logic__1566: top__GC0, 
logic__1208: RAM_B, 
logic__209: RV32core__GB1, 
extram: top__GC0, 
logic__842: RAM_B, 
reg__57: RV32core__GB1, 
logic__930: RAM_B, 
logic__1604: top__GC0, 
reg__64: RV32core__GB1, 
reg__58: RV32core__GB1, 
pla: RV32core__GB1, 
case__170: RAM_B, 
logic__1094: RAM_B, 
logic__236: RV32core__GB1, 
muxpart__222: RAM_B, 
case__293: RAM_B, 
logic__1622: top__GC0, 
reg__222: top__GC0, 
muxpart__72: RAM_B, 
logic__1098: RAM_B, 
muxpart__44: RAM_B, 
muxpart__168: RAM_B, 
logic__1463: RAM_B, 
reg__47: RV32core__GB1, 
case__238: RAM_B, 
logic__894: RAM_B, 
muxpart__219: RAM_B, 
case__172: RAM_B, 
muxpart__20: top__GC0, 
logic__1073: RAM_B, 
logic__170: RV32core__GB1, 
logic__1492: RAM_B, 
muxpart__23: top__GC0, 
logic__943: RAM_B, 
reg__104: RAM_B, 
logic__163: RV32core__GB1, 
logic__867: RAM_B, 
muxpart__49: RAM_B, 
logic__1614: top__GC0, 
muxpart__68: RAM_B, 
muxpart__137: RAM_B, 
logic__175: RV32core__GB1, 
logic__847: RAM_B, 
REG_IF_ID: RV32core__GB1, 
logic__1676: top__GC0, 
muxpart__26: top__GC0, 
datapath__5: RV32core__GB1, 
case__94: RV32core__GB1, 
logic__670: RAM_B, 
muxpart__93: RAM_B, 
logic__105: top__GC0, 
muxpart__220: RAM_B, 
muxpart__184: RAM_B, 
muxpart__260: RAM_B, 
logic__1242: RAM_B, 
case__11: top__GC0, 
reg__91: RAM_B, 
datapath__6: RV32core__GB1, 
logic__297: RV32core__GB1, 
muxpart__198: RAM_B, 
logic__1610: top__GC0, 
logic__1574: top__GC0, 
logic__1506: RAM_B, 
case__195: RAM_B, 
case__219: RAM_B, 
muxpart__316: RAM_B, 
reg__106: RAM_B, 
muxpart__147: RAM_B, 
muxpart__228: RAM_B, 
muxpart__185: RAM_B, 
logic__1618: top__GC0, 
reg: top__GC0, 
muxpart__88: RAM_B, 
muxpart__202: RAM_B, 
datapath__2: top__GC0, 
case__171: RAM_B, 
logic__689: RAM_B, 
logic__1149: RAM_B, 
case__153: RAM_B, 
reg__81: RAM_B, 
case__80: RV32core__GB1, 
logic__1424: RAM_B, 
logic__340: RV32core__GB1, 
case__315: top__GC0, 
case__107: RV32core__GB1, 
HazardDetectionUnit: RV32core__GB1, 
logic__1423: RAM_B, 
muxpart__214: RAM_B, 
datapath__9: RV32core__GB1, 
case__288: RAM_B, 
reg__183: RAM_B, 
logic__1187: RAM_B, 
muxpart__223: RAM_B, 
logic__1394: RAM_B, 
case__248: RAM_B, 
Regs: RV32core__GB1, 
reg__94: RAM_B, 
muxpart__245: RAM_B, 
case__221: RAM_B, 
muxpart__244: RAM_B, 
logic__1650: top__GC0, 
logic__225: RV32core__GB1, 
muxpart__299: RAM_B, 
logic__203: RV32core__GB1, 
muxpart__250: RAM_B, 
muxpart__47: RAM_B, 
logic__1154: RAM_B, 
muxpart__282: RAM_B, 
reg__85: RAM_B, 
muxpart__157: RAM_B, 
logic__186: RV32core__GB1, 
muxpart__53: RAM_B, 
logic__1088: RAM_B, 
reg__99: RAM_B, 
logic__173: RV32core__GB1, 
case__131: RAM_B, 
case__134: RAM_B, 
reg__171: RAM_B, 
case__48: top__GC0, 
case__66: RV32core__GB1, 
logic__1004: RAM_B, 
logic__1543: RV32core__GB1, 
muxpart__236: RAM_B, 
logic__231: RV32core__GB1, 
case__231: RAM_B, 
case__97: RV32core__GB1, 
muxpart__64: RAM_B, 
case__118: RAM_B, 
muxpart__298: RAM_B, 
logic__85: top__GC0, 
case__70: RV32core__GB1, 
logic__1513: RAM_B, 
muxpart__127: RAM_B, 
case__140: RAM_B, 
reg__154: RAM_B, 
case__23: top__GC0, 
case__46: top__GC0, 
case__91: RV32core__GB1, 
case__217: RAM_B, 
case__295: top__GC0, 
case__210: RAM_B, 
muxpart__139: RAM_B, 
case__282: RAM_B, 
case__117: RAM_B, 
muxpart__288: RAM_B, 
logic__229: RV32core__GB1, 
counter__2: top__GC0, 
case__265: RAM_B, 
case__100: RV32core__GB1, 
case__240: RAM_B, 
logic__663: RAM_B, 
logic__709: RAM_B, 
logic__1601: top__GC0, 
reg__12: top__GC0, 
reg__52: RV32core__GB1, 
case__284: RAM_B, 
muxpart__92: RAM_B, 
muxpart__201: RAM_B, 
muxpart__38: RV32core__GB1, 
muxpart__41: RAM_B, 
logic__801: RAM_B, 
muxpart__271: RAM_B, 
case__92: RV32core__GB1, 
logic__183: RV32core__GB1, 
case__187: RAM_B, 
case__214: RAM_B, 
datapath__18: top__GC0, 
case__290: RAM_B, 
reg__22: RV32core__GB1, 
logic__809: RAM_B, 
muxpart__242: RAM_B, 
logic__863: RAM_B, 
logic__860: RAM_B, 
logic__1597: top__GC0, 
reg__216: top__GC0, 
case__226: RAM_B, 
logic__1307: RAM_B, 
logic__1427: RAM_B, 
case__169: RAM_B, 
reg__77: RV32core__GB1, 
muxpart__132: RAM_B, 
case__156: RAM_B, 
logic__1031: RAM_B, 
logic__344: RV32core__GB1, 
reg__7: top__GC0, 
case__199: RAM_B, 
logic__1178: RAM_B, 
muxpart__86: RAM_B, 
reg__17: top__GC0, 
case__236: RAM_B, 
logic__758: RAM_B, 
muxpart__42: RAM_B, 
case__152: RAM_B, 
muxpart__14: top__GC0, 
muxpart__241: RAM_B, 
logic__106: top__GC0, 
muxpart__234: RAM_B, 
muxpart__55: RAM_B, 
case__147: RAM_B, 
logic__1491: RAM_B, 
muxpart__97: RAM_B, 
logic__70: top__GC0, 
case__178: RAM_B, 
logic__1115: RAM_B, 
muxpart__109: RAM_B, 
case__215: RAM_B, 
logic__1495: RAM_B, 
reg__29: RV32core__GB1, 
logic__1200: RAM_B, 
case__276: RAM_B, 
case__93: RV32core__GB1, 
case__86: RV32core__GB1, 
muxpart__290: RAM_B, 
logic__1118: RAM_B, 
case__300: top__GC0, 
reg__188: RAM_B, 
case__85: RV32core__GB1, 
muxpart__268: RAM_B, 
logic__855: RAM_B, 
muxpart__265: RAM_B, 
logic__1466: RAM_B, 
muxpart__194: RAM_B, 
case__144: RAM_B, 
logic__1019: RAM_B, 
reg__172: RAM_B, 
reg__133: RAM_B, 
muxpart__253: RAM_B, 
case__146: RAM_B, 
muxpart__146: RAM_B, 
muxpart__85: RAM_B, 
case__322: top__GC0, 
logic__258: RV32core__GB1, 
reg__135: RAM_B, 
datapath__37: top__GC0, 
muxpart__172: RAM_B, 
reg__15: top__GC0, 
parallel2serial__parameterized0: top__GC0, 
logic__10: top__GC0, 
logic__1397: RAM_B, 
logic__181: RV32core__GB1, 
reg__118: RAM_B, 
case__52: top__GC0, 
logic__836: RAM_B, 
datapath__1: top__GC0, 
case__139: RAM_B, 
muxpart__289: RAM_B, 
logic__211: RV32core__GB1, 
reg__149: RAM_B, 
logic__1593: top__GC0, 
muxpart__43: RAM_B, 
logic__252: RV32core__GB1, 
logic__1685: top__GC0, 
logic__128: RV32core__GB1, 
case__271: RAM_B, 
case__155: RAM_B, 
logic__612: RAM_B, 
case__90: RV32core__GB1, 
logic__1682: top__GC0, 
muxpart__183: RAM_B, 
muxpart__171: RAM_B, 
reg__92: RAM_B, 
logic__513: RAM_B, 
logic__384: RV32core__GB1, 
case__99: RV32core__GB1, 
case__138: RAM_B, 
logic__984: RAM_B, 
logic__1643: top__GC0, 
muxpart__82: RAM_B, 
logic__205: RV32core__GB1, 
logic__1417: RAM_B, 
logic__1131: RAM_B, 
reg__203: RAM_B, 
logic__73: top__GC0, 
logic__1319: RAM_B, 
logic__722: RAM_B, 
logic__91: top__GC0, 
logic__916: RAM_B, 
logic__300: RV32core__GB1, 
logic__841: RAM_B, 
reg__167: RAM_B, 
logic__1205: RAM_B, 
case__24: top__GC0, 
reg__93: RAM_B, 
case__239: RAM_B, 
case__141: RAM_B, 
logic__1430: RAM_B, 
logic__1237: RAM_B, 
reg__72: RV32core__GB1, 
reg__65: RV32core__GB1, 
logic__1124: RAM_B, 
logic__1083: RAM_B, 
logic__1485: RAM_B, 
muxpart__186: RAM_B, 
muxpart__50: RAM_B, 
reg__43: RV32core__GB1, 
logic__1333: RAM_B, 
logic__140: RV32core__GB1, 
reg__97: RAM_B, 
case__53: top__GC0, 
logic__184: RV32core__GB1, 
logic__1234: RAM_B, 
logic__453: RAM_B, 
case__126: RAM_B, 
reg__45: RV32core__GB1, 
muxpart__277: RAM_B, 
case__304: top__GC0, 
logic__1322: RAM_B, 
case__136: RAM_B, 
ROM_D: RV32core__GB1, 
case__145: RAM_B, 
logic__253: RV32core__GB1, 
logic__981: RAM_B, 
case__151: RAM_B, 
muxpart__199: RAM_B, 
logic__751: RAM_B, 
reg__31: RV32core__GB1, 
case__135: RAM_B, 
counter__3: top__GC0, 
logic__243: RV32core__GB1, 
reg__33: RV32core__GB1, 
logic__1488: RAM_B, 
logic__168: RV32core__GB1, 
datapath__42: top__GC0, 
logic__125: top__GC0, 
muxpart__309: RAM_B, 
datapath__24: top__GC0, 
case__128: RAM_B, 
muxpart__78: RAM_B, 
case__266: RAM_B, 
case__301: top__GC0, 
case__191: RAM_B, 
logic__642: RAM_B, 
case__57: top__GC0, 
logic__194: RV32core__GB1, 
logic__1045: RAM_B, 
case__283: RAM_B, 
muxpart__305: RAM_B, 
logic__1172: RAM_B, 
logic__1656: top__GC0, 
case__277: RAM_B, 
muxpart__125: RAM_B, 
case__83: RV32core__GB1, 
REG32: RV32core__GB1, 
muxpart__140: RAM_B, 
rom: top__GC0, 
logic__875: RAM_B, 
muxpart__237: RAM_B, 
muxpart__81: RAM_B, 
logic__1037: RAM_B, 
datapath__16: RV32core__GB1, 
case__294: RV32core__GB1, 
reg__134: RAM_B, 
reg__103: RAM_B, 
case__183: RAM_B, 
logic__141: RV32core__GB1, 
logic__232: RV32core__GB1, 
logic__989: RAM_B, 
logic__1347: RAM_B, 
case__297: top__GC0, 
reg__147: RAM_B, 
reg__37: RV32core__GB1, 
muxpart__144: RAM_B, 
logic__1065: RAM_B, 
muxpart__255: RAM_B, 
logic__1476: RAM_B, 
muxpart__210: RAM_B, 
reg__100: RAM_B, 
case__200: RAM_B, 
case__111: RV32core__GB1, 
datapath__22: top__GC0, 
logic__740: RAM_B, 
debug_clk: RV32core__GB1, 
logic__111: top__GC0, 
case__270: RAM_B, 
logic__706: RAM_B, 
reg__113: RAM_B, 
reg__98: RAM_B, 
reg__49: RV32core__GB1, 
case__154: RAM_B, 
logic__169: RV32core__GB1, 
reg__195: RAM_B, 
logic__142: RV32core__GB1, 
reg__20: RV32core__GB1, 
muxpart__133: RAM_B, 
reg__55: RV32core__GB1, 
muxpart__51: RAM_B, 
logic__355: RV32core__GB1, 
muxpart__135: RAM_B, 
logic__95: top__GC0, 
logic__1273: RAM_B, 
logic__1243: RAM_B, 
muxpart__69: RAM_B, 
reg__42: RV32core__GB1, 
logic__131: RV32core__GB1, 
reg__157: RAM_B, 
case__167: RAM_B, 
datapath__30: top__GC0, 
logic__1296: RAM_B, 
reg__152: RAM_B, 
reg__119: RAM_B, 
muxpart__106: RAM_B, 
logic__1339: RAM_B, 
muxpart__29: top__GC0, 
reg__78: RV32core__GB1, 
reg__175: RAM_B, 
muxpart__304: RAM_B, 
muxpart__174: RAM_B, 
muxpart__302: RAM_B, 
muxpart__264: RAM_B, 
reg__32: RV32core__GB1, 
logic__160: RV32core__GB1, 
reg__163: RAM_B, 
reg__73: RV32core__GB1, 
VGA_TESTP: top__GC0, 
logic__172: RV32core__GB1, 
reg__212: RV32core__GB1, 
logic__162: RV32core__GB1, 
logic__1192: RAM_B, 
logic__993: RAM_B, 
reg__126: RAM_B, 
muxpart__317: RV32core__GB1, 
muxpart__155: RAM_B, 
reg__217: top__GC0, 
case__192: RAM_B, 
reg__48: RV32core__GB1, 
reg__69: RV32core__GB1, 
logic__180: RV32core__GB1, 
reg__201: RAM_B, 
logic__891: RAM_B, 
